(agda2-status-action "")
(agda2-info-action "*Type-checking*" "" nil)
(agda2-highlight-clear)
(agda2-info-action "*Type-checking*" "Checking Issue2609 (Issue2609.agda). " t)
(agda2-info-action "*Type-checking*" " Checking Common.Bool (Bool.agda). " t)
(agda2-info-action "*Type-checking*" " Checking Agda.Builtin.Bool (agda-default-include-path/Agda/Builtin/Bool.agda). " t)
(agda2-info-action "*Type-checking*" " Finished Agda.Builtin.Bool. " t)
(agda2-info-action "*Type-checking*" " Finished Common.Bool. " t)
(agda2-info-action "*Type-checking*" " Checking Common.Nat (Nat.agda). " t)
(agda2-info-action "*Type-checking*" " Checking Agda.Builtin.Nat (agda-default-include-path/Agda/Builtin/Nat.agda). " t)
(agda2-info-action "*Type-checking*" " Finished Agda.Builtin.Nat. " t)
(agda2-info-action "*Type-checking*" " Finished Common.Nat. " t)
(agda2-status-action "")
(agda2-info-action "*All Goals*" "?0 : Bool ?1 : Bool ?2 : Bool ?3 : Bool " nil)
((last . 1) . (agda2-goals-action '(0 1 2 3)))
((last . 2) . (agda2-make-case-action '("foo chocolate (bread false) = ?" "foo (bread .false) (bread false) = ?")))
((last . 1) . (agda2-goals-action '(0 1 2 3)))
