(agda2-status-action "")
(agda2-info-action "*Type-checking*" "" nil)
(agda2-highlight-clear)
(agda2-info-action "*Type-checking*" "Checking Issue2620 (Issue2620.agda). " t)
(agda2-info-action "*Type-checking*" " Checking Agda.Builtin.Nat (agda-default-include-path/Agda/Builtin/Nat.agda). " t)
(agda2-info-action "*Type-checking*" " Checking Agda.Builtin.Bool (agda-default-include-path/Agda/Builtin/Bool.agda). " t)
(agda2-info-action "*Type-checking*" " Finished Agda.Builtin.Bool. " t)
(agda2-info-action "*Type-checking*" " Finished Agda.Builtin.Nat. " t)
(agda2-status-action "")
(agda2-info-action "*All Goals*" "?0 : B 0 _A_18 : Set [ at Issue2620.agda:9,14-15 ] _a_19 : _A_18 [ at Issue2620.agda:9,14-15 ] " nil)
((last . 1) . (agda2-goals-action '(0)))
(agda2-status-action "")
(agda2-info-action "*Auto*" "No solution found" nil)
((last . 1) . (agda2-goals-action '(0)))
