EXECUTED_PROGRAM

ret > ExitSuccess
out > Test 1
out > true
out > false
out > Test 2
out > true
out > false
out > Test 3
out > true
out > true
out >
