EXECUTED_PROGRAM

ret > ExitSuccess
out > Test 1
out > Test 2
out >
