EXECUTED_PROGRAM

ret > ExitSuccess
out > Test 1
out > true
out > false
out >
